OMGHAI!
-------- day 0 --------
name, sellIn, quality
+5 Dexterity Vest, 10, 20
Aged Brie, 0, 0
Elixir of the Mongoose, 5, 7
Sulfuras, Hand of Ragnaros, 0, 80
Sulfuras, Hand of Ragnaros, 0, 80
Backstage passes to a TAFKAL80ETC concert, 15, 20
Backstage passes to a TAFKAL80ETC concert, 10, 49
Backstage passes to a TAFKAL80ETC concert, 5, 49
Conjured Mana Cake, 3, 6

-------- day 1 --------
name, sellIn, quality
+5 Dexterity Vest, 9, 19
Aged Brie, 0, 1
Elixir of the Mongoose, 4, 6
Sulfuras, Hand of Ragnaros, 0, 80
Sulfuras, Hand of Ragnaros, 0, 80
Backstage passes to a TAFKAL80ETC concert, 14, 21
Backstage passes to a TAFKAL80ETC concert, 9, 50
Backstage passes to a TAFKAL80ETC concert, 4, 50
Conjured Mana Cake, 2, 4

-------- day 2 --------
name, sellIn, quality
+5 Dexterity Vest, 8, 18
Aged Brie, 0, 2
Elixir of the Mongoose, 3, 5
Sulfuras, Hand of Ragnaros, 0, 80
Sulfuras, Hand of Ragnaros, 0, 80
Backstage passes to a TAFKAL80ETC concert, 13, 22
Backstage passes to a TAFKAL80ETC concert, 8, 50
Backstage passes to a TAFKAL80ETC concert, 3, 50
Conjured Mana Cake, 1, 2

-------- day 3 --------
name, sellIn, quality
+5 Dexterity Vest, 7, 17
Aged Brie, 0, 3
Elixir of the Mongoose, 2, 4
Sulfuras, Hand of Ragnaros, 0, 80
Sulfuras, Hand of Ragnaros, 0, 80
Backstage passes to a TAFKAL80ETC concert, 12, 23
Backstage passes to a TAFKAL80ETC concert, 7, 50
Backstage passes to a TAFKAL80ETC concert, 2, 50
Conjured Mana Cake, 0, 0


